[1;32m  Mutineer BBS  ~~  Captain's Quarters[0m
[0;36m+------------------------------------------------------------------------------+[0m
[0;36m|[1;37m  Sysop Commands                                                            [0;36m|[0m
[0;36m|[0;37m Captain: [1;32m%%USERNAME%%[0;37m   Node: [1;35m%%NODE%%[0m[0;36m|[0m
[0;36m+------------------------------------------------------------------------------+[0m
[0;36m|[0m %%MENU_ITEMS%% [0;36m|[0m
[0;36m+------------------------------------------------------------------------------+[0m
[0;36m|[0;32m [0m%%PROMPT%%[0;36m
+------------------------------------------------------------------------------+[0m
