[1;32m  Mutineer BBS  ~~  Vote Booth[0m
[0;36m+------------------------------------------------------------------------------+[0m
[0;36m|[1;37m  Ship's Poll                                                               [0;36m|[0m
[0;36m|[0;37m Voter: [1;32m%%USERNAME%%[0;37m   Node: [1;35m%%NODE%%[0;37m   Time: [1;33m%%TIME_LEFT%% min[0m[0;36m|[0m
[0;36m+------------------------------------------------------------------------------+[0m
[0;36m|[0m %%MENU_ITEMS%% [0;36m|[0m
[0;36m+------------------------------------------------------------------------------+[0m
[0;36m|[0;32m [0m%%PROMPT%%[0;36m
+------------------------------------------------------------------------------+[0m
